// Jest Snapshot v1, https://goo.gl/fbAQLP

exports[`pages/index.tsx Renders correctly 1`] = `
<div
  class="sc-gKsewC gmWVLQ"
>
  <header
    class="sc-hKgILt iSlApH"
  >
    <div
      class="sc-bdfBwQ sc-eCssSg cpngaA litkEQ"
    >
      <div
        class="sc-jSgupP dTPNIp"
      >
        <img
          alt="logo"
          src="test-file-stub"
        />
        Tietokilta Ry
      </div>
      <nav
        class="sc-dlfnbm eUcpKd"
      >
        <a
          href="/#"
        >
          Tapahtumat
        </a>
        <a
          href="/#"
        >
          Kilta
        </a>
        <a
          href="/#"
        >
          Fuksit
        </a>
        <a
          href="/#"
        >
          Abeille
        </a>
        <a
          href="/#"
        >
          Yritykset
        </a>
      </nav>
    </div>
  </header>
  <main
    class="sc-iBPRYJ fxCJFd"
  >
    <div
      class="sc-bdfBwQ cpngaA"
    >
      <h1>
        Hello, world! h1
      </h1>
      <h2>
        Hello, world! h2
      </h2>
      <h3>
        Hello, world! h3
      </h3>
      <h4>
        Hello, world! h4
      </h4>
      <p>
        Lorem ipsum dolor sit amet, consectetur adipiscing elit. Pellentesque quis interdum velit. Aenean gravida quis leo eu accumsan. Aliquam erat volutpat. Vivamus cursus velit faucibus nunc fringilla, semper semper turpis tincidunt. Nunc imperdiet elit ac odio tincidunt dapibus. Sed ultrices ut diam sagittis rhoncus. Nunc fermentum erat urna, lacinia suscipit arcu tempor at.
      </p>
      <p>
        Ut bibendum fringilla cursus. Etiam at nunc vestibulum, varius eros sit amet, consequat sapien. Quisque massa erat, efficitur nec sagittis eget, viverra vel tellus. Donec in sagittis tortor. Curabitur eros nisl, sodales venenatis suscipit sit amet, porta sed arcu. Vestibulum vitae augue purus. Praesent quis faucibus tellus. Nulla tellus nisi, finibus ac vulputate ut, pellentesque sit amet arcu. Suspendisse tempus sagittis gravida. Vestibulum pharetra euismod mi, vel vulputate metus auctor in. Sed sed efficitur turpis. Nullam vel turpis sit amet eros ullamcorper varius. Sed finibus non libero quis fringilla.
      </p>
      <p>
        Nulla sed porta metus. Nulla facilisi. Vivamus feugiat lorem at libero pretium, in faucibus enim fermentum. Integer tempus, nisl sed auctor venenatis, magna metus aliquet magna, blandit porta dui urna eget justo. Suspendisse vestibulum tempor lectus eu malesuada. Aenean sed velit id elit hendrerit imperdiet at luctus diam. Fusce dictum mauris vestibulum, auctor diam quis, mattis felis. Mauris faucibus augue eget odio sodales semper. Aenean porta tortor at molestie consectetur. Proin porttitor urna odio, congue mollis orci ornare eget. Cras feugiat non diam vel consequat. Fusce pellentesque volutpat velit, at consequat mauris vehicula et. Sed sit amet purus et mi consequat varius.
      </p>
      <p>
        Etiam est nisl, aliquet ut ultricies a, lacinia vitae dolor. Donec vel efficitur sem, in vehicula augue. Donec dictum accumsan purus, non sollicitudin dui convallis sit amet. Nam sed nibh nisi. Quisque fringilla, quam id luctus venenatis, nisl sem dapibus velit, id consequat mauris risus vel lorem. Nam et ultrices arcu. Pellentesque sed purus ut elit sollicitudin aliquam. Phasellus lobortis posuere est sed dictum. Integer fermentum, mauris consectetur sagittis volutpat, quam purus porta sapien, egestas imperdiet turpis ante eu leo. Quisque tincidunt dignissim convallis. Aenean feugiat cursus vehicula.
      </p>
      <p>
        Nam risus erat, iaculis nec nibh nec, sollicitudin faucibus dui. Integer placerat enim vel finibus dignissim. Mauris eget ligula urna. Vestibulum a quam velit. Proin tristique ipsum vel massa sollicitudin iaculis. Praesent elit nulla, cursus quis cursus tempus, tincidunt nec erat. Donec fermentum mi ac sem pellentesque lacinia. Quisque maximus auctor sem, vulputate convallis lacus vestibulum eu. Phasellus ultrices, felis nec suscipit consectetur, lorem erat scelerisque diam, bibendum vestibulum massa mi vel nisi. Praesent porttitor erat tellus, ut mollis tellus varius in. Vestibulum commodo dui laoreet ultricies feugiat. Suspendisse dictum nibh odio, nec rutrum mi feugiat at. Phasellus id metus magna. Proin vel magna at mauris lacinia sagittis in id velit. Donec ex mauris, hendrerit iaculis enim sed, varius dapibus ipsum.
      </p>
      <p>
        Fusce vel mattis enim. Aliquam eu pellentesque urna. Aenean pharetra, nisi eget egestas sagittis, turpis eros sodales erat, ut fermentum nibh velit et nisl. In ac quam arcu. Vestibulum volutpat, eros vel lacinia dictum, augue eros auctor purus, non faucibus enim ante vitae orci. Maecenas sit amet nisi ut justo elementum placerat. Vestibulum vulputate bibendum magna vel varius. Morbi quis auctor lectus, non dignissim quam. Maecenas blandit, augue ac faucibus congue, risus nulla rhoncus diam, sed aliquet odio sem non quam. Suspendisse auctor sapien tempor dolor dictum facilisis eu ultrices eros.
      </p>
      <p>
        Nunc pretium eu velit vel hendrerit. Phasellus euismod hendrerit mollis. Pellentesque nec auctor ante. Integer eu leo elementum, hendrerit urna eget, semper diam. Quisque nec erat nec urna luctus viverra. Quisque a ex at ex sodales porta eget et diam. Aenean in congue mauris.
      </p>
      <p>
        Curabitur convallis leo nisl, vel pulvinar augue vehicula tempus. Sed odio felis, egestas at aliquet eget, lacinia nec odio. Pellentesque rhoncus sapien ut nulla luctus fringilla. Phasellus urna sapien, rhoncus commodo ullamcorper eu, vulputate sit amet ex. Sed rutrum enim lobortis eros finibus interdum. Praesent semper urna vel nibh scelerisque, et convallis ex dictum. Sed pharetra ante ac libero dictum, nec blandit magna molestie. Morbi porttitor lacus a justo iaculis congue. Ut sed quam eget dui gravida dapibus nec sit amet libero. Cras fermentum augue ut tortor aliquet porttitor. Fusce tempus lectus purus, eu pulvinar nisi pharetra non.
      </p>
      <p>
        Pellentesque efficitur ante non massa porttitor, id consectetur lorem iaculis. Pellentesque venenatis elit ac diam congue, dignissim porta orci bibendum. Nunc vulputate gravida elit eget interdum. Donec eu mauris eu odio dignissim consequat at in lacus. Phasellus condimentum diam lacus, at vehicula enim consequat nec. Donec quam enim, cursus et pharetra vel, rhoncus in neque. Praesent vestibulum fermentum velit in rutrum. Nam lectus urna, efficitur nec massa in, vulputate ultrices diam. In at sagittis risus. Phasellus hendrerit congue orci id posuere. Etiam ex sem, ullamcorper et arcu in, ultricies mollis mauris.
      </p>
      <p>
        Vestibulum vel augue efficitur, volutpat massa ut, tempus nulla. Suspendisse id libero tempus, dictum lorem euismod, sagittis dolor. Praesent sagittis pellentesque urna vel aliquet. Cras sodales, purus quis vehicula pretium, tellus risus cursus mauris, at congue mi ante id orci. Pellentesque ut nunc ultrices, iaculis est sed, efficitur magna. Maecenas in commodo lacus. Aliquam maximus, purus id fermentum finibus, eros mi tristique sapien, ac convallis quam purus at erat.
      </p>
      <p>
        Lorem ipsum dolor sit amet, consectetur adipiscing elit. Pellentesque quis interdum velit. Aenean gravida quis leo eu accumsan. Aliquam erat volutpat. Vivamus cursus velit faucibus nunc fringilla, semper semper turpis tincidunt. Nunc imperdiet elit ac odio tincidunt dapibus. Sed ultrices ut diam sagittis rhoncus. Nunc fermentum erat urna, lacinia suscipit arcu tempor at.
      </p>
      <p>
        Ut bibendum fringilla cursus. Etiam at nunc vestibulum, varius eros sit amet, consequat sapien. Quisque massa erat, efficitur nec sagittis eget, viverra vel tellus. Donec in sagittis tortor. Curabitur eros nisl, sodales venenatis suscipit sit amet, porta sed arcu. Vestibulum vitae augue purus. Praesent quis faucibus tellus. Nulla tellus nisi, finibus ac vulputate ut, pellentesque sit amet arcu. Suspendisse tempus sagittis gravida. Vestibulum pharetra euismod mi, vel vulputate metus auctor in. Sed sed efficitur turpis. Nullam vel turpis sit amet eros ullamcorper varius. Sed finibus non libero quis fringilla.
      </p>
      <p>
        Nulla sed porta metus. Nulla facilisi. Vivamus feugiat lorem at libero pretium, in faucibus enim fermentum. Integer tempus, nisl sed auctor venenatis, magna metus aliquet magna, blandit porta dui urna eget justo. Suspendisse vestibulum tempor lectus eu malesuada. Aenean sed velit id elit hendrerit imperdiet at luctus diam. Fusce dictum mauris vestibulum, auctor diam quis, mattis felis. Mauris faucibus augue eget odio sodales semper. Aenean porta tortor at molestie consectetur. Proin porttitor urna odio, congue mollis orci ornare eget. Cras feugiat non diam vel consequat. Fusce pellentesque volutpat velit, at consequat mauris vehicula et. Sed sit amet purus et mi consequat varius.
      </p>
      <p>
        Etiam est nisl, aliquet ut ultricies a, lacinia vitae dolor. Donec vel efficitur sem, in vehicula augue. Donec dictum accumsan purus, non sollicitudin dui convallis sit amet. Nam sed nibh nisi. Quisque fringilla, quam id luctus venenatis, nisl sem dapibus velit, id consequat mauris risus vel lorem. Nam et ultrices arcu. Pellentesque sed purus ut elit sollicitudin aliquam. Phasellus lobortis posuere est sed dictum. Integer fermentum, mauris consectetur sagittis volutpat, quam purus porta sapien, egestas imperdiet turpis ante eu leo. Quisque tincidunt dignissim convallis. Aenean feugiat cursus vehicula.
      </p>
      <p>
        Nam risus erat, iaculis nec nibh nec, sollicitudin faucibus dui. Integer placerat enim vel finibus dignissim. Mauris eget ligula urna. Vestibulum a quam velit. Proin tristique ipsum vel massa sollicitudin iaculis. Praesent elit nulla, cursus quis cursus tempus, tincidunt nec erat. Donec fermentum mi ac sem pellentesque lacinia. Quisque maximus auctor sem, vulputate convallis lacus vestibulum eu. Phasellus ultrices, felis nec suscipit consectetur, lorem erat scelerisque diam, bibendum vestibulum massa mi vel nisi. Praesent porttitor erat tellus, ut mollis tellus varius in. Vestibulum commodo dui laoreet ultricies feugiat. Suspendisse dictum nibh odio, nec rutrum mi feugiat at. Phasellus id metus magna. Proin vel magna at mauris lacinia sagittis in id velit. Donec ex mauris, hendrerit iaculis enim sed, varius dapibus ipsum.
      </p>
      <p>
        Fusce vel mattis enim. Aliquam eu pellentesque urna. Aenean pharetra, nisi eget egestas sagittis, turpis eros sodales erat, ut fermentum nibh velit et nisl. In ac quam arcu. Vestibulum volutpat, eros vel lacinia dictum, augue eros auctor purus, non faucibus enim ante vitae orci. Maecenas sit amet nisi ut justo elementum placerat. Vestibulum vulputate bibendum magna vel varius. Morbi quis auctor lectus, non dignissim quam. Maecenas blandit, augue ac faucibus congue, risus nulla rhoncus diam, sed aliquet odio sem non quam. Suspendisse auctor sapien tempor dolor dictum facilisis eu ultrices eros.
      </p>
      <p>
        Nunc pretium eu velit vel hendrerit. Phasellus euismod hendrerit mollis. Pellentesque nec auctor ante. Integer eu leo elementum, hendrerit urna eget, semper diam. Quisque nec erat nec urna luctus viverra. Quisque a ex at ex sodales porta eget et diam. Aenean in congue mauris.
      </p>
      <p>
        Curabitur convallis leo nisl, vel pulvinar augue vehicula tempus. Sed odio felis, egestas at aliquet eget, lacinia nec odio. Pellentesque rhoncus sapien ut nulla luctus fringilla. Phasellus urna sapien, rhoncus commodo ullamcorper eu, vulputate sit amet ex. Sed rutrum enim lobortis eros finibus interdum. Praesent semper urna vel nibh scelerisque, et convallis ex dictum. Sed pharetra ante ac libero dictum, nec blandit magna molestie. Morbi porttitor lacus a justo iaculis congue. Ut sed quam eget dui gravida dapibus nec sit amet libero. Cras fermentum augue ut tortor aliquet porttitor. Fusce tempus lectus purus, eu pulvinar nisi pharetra non.
      </p>
      <p>
        Pellentesque efficitur ante non massa porttitor, id consectetur lorem iaculis. Pellentesque venenatis elit ac diam congue, dignissim porta orci bibendum. Nunc vulputate gravida elit eget interdum. Donec eu mauris eu odio dignissim consequat at in lacus. Phasellus condimentum diam lacus, at vehicula enim consequat nec. Donec quam enim, cursus et pharetra vel, rhoncus in neque. Praesent vestibulum fermentum velit in rutrum. Nam lectus urna, efficitur nec massa in, vulputate ultrices diam. In at sagittis risus. Phasellus hendrerit congue orci id posuere. Etiam ex sem, ullamcorper et arcu in, ultricies mollis mauris.
      </p>
      <p>
        Vestibulum vel augue efficitur, volutpat massa ut, tempus nulla. Suspendisse id libero tempus, dictum lorem euismod, sagittis dolor. Praesent sagittis pellentesque urna vel aliquet. Cras sodales, purus quis vehicula pretium, tellus risus cursus mauris, at congue mi ante id orci. Pellentesque ut nunc ultrices, iaculis est sed, efficitur magna. Maecenas in commodo lacus. Aliquam maximus, purus id fermentum finibus, eros mi tristique sapien, ac convallis quam purus at erat.
      </p>
    </div>
  </main>
  <footer
    class="sc-gsTCUz gEYGIj"
  >
    <div
      class="sc-bdfBwQ cpngaA"
    >
      Footer
    </div>
  </footer>
</div>
`;
